// Jest Snapshot v1, https://goo.gl/fbAQLP

exports[`renders correctly 1`] = `
<div
  className="flex justify-center items-center h-screen"
>
  <form
    className="w-full max-w-lg"
    onSubmit={[Function]}
  >
    <div
      className="w-full px-3 mb-4"
    >
      <input
        className="appearance-none block w-full bg-fff text-[#21567E] placeholder-[#21567E] border border-[#21567E] rounded-md py-2 px-4 mb-2 leading-tight focus:outline-none focus:bg-[#F1F6FA] focus:border-[#21567E] focus:border-2"
        name="name"
        onChange={[Function]}
        placeholder="Name"
        type="text"
        value=""
      />
    </div>
    <div
      className="w-full px-3 mb-4"
    >
      <input
        className="appearance-none block w-full bg-fff text-[#21567E] placeholder-[#21567E] border border-[#21567E] rounded-md py-2 px-4 mb-2 leading-tight focus:outline-none focus:bg-[#F1F6FA] focus:border-[#21567E] focus:border-2"
        name="surname"
        onChange={[Function]}
        placeholder="Surname"
        type="text"
        value=""
      />
    </div>
    <div
      className="w-full px-3 mb-4"
    >
      <input
        className="appearance-none block w-full bg-fff text-[#21567E] placeholder-[#21567E] border border-[#21567E] rounded-md py-2 px-4 mb-2 leading-tight focus:outline-none focus:bg-[#F1F6FA] focus:border-[#21567E] focus:border-2"
        name="email"
        onChange={[Function]}
        placeholder="Email"
        type="text"
        value=""
      />
    </div>
    <div
      className="w-full px-3 mb-4"
    >
      <input
        className="appearance-none block w-full bg-fff text-[#21567E] placeholder-[#21567E] border border-[#21567E] rounded-md py-2 px-4 mb-2 leading-tight focus:outline-none focus:bg-[#F1F6FA] focus:border-[#21567E] focus:border-2"
        name="phoneNumber"
        onChange={[Function]}
        placeholder="Phone number"
        type="text"
        value=""
      />
    </div>
    <div
      className="w-full px-3 mb-4"
    >
      <input
        className="appearance-none block w-full bg-fff text-[#21567E] placeholder-[#21567E] border border-[#21567E] rounded-md py-2 px-4 mb-2 leading-tight focus:outline-none focus:bg-[#F1F6FA] focus:border-[#21567E] focus:border-2"
        name="password"
        onChange={[Function]}
        placeholder="Password"
        type="text"
        value=""
      />
    </div>
    <div
      className="w-full px-3 mb-4"
    >
      <input
        className="appearance-none block w-full bg-fff text-[#21567E] placeholder-[#21567E] border border-[#21567E] rounded-md py-2 px-4 mb-2 leading-tight focus:outline-none focus:bg-[#F1F6FA] focus:border-[#21567E] focus:border-2"
        name="confirmPassword"
        onChange={[Function]}
        placeholder="Confirm Password"
        type="text"
        value=""
      />
    </div>
    <div
      className="flex flex-wrap w-full mb-4"
    >
      <div
        className="w-full md:w-1/3 px-3 mb-6 md:mb-0"
      >
        <label
          className="block uppercase tracking-wide text-[#21567E] placeholder-[#21567E] text-xs font-bold mb-2"
          htmlFor="grid-city"
        >
          Address
        </label>
        <input
          className="appearance-none block w-full bg-fff text-[#21567E] placeholder-[#21567E] border border-[#21567E] rounded-md py-2 px-4 leading-tight focus:outline-none focus:bg-[#F1F6FA] focus:border-[#21567E] focus:border-2"
          name="city"
          onChange={[Function]}
          placeholder="City"
          type="text"
          value=""
        />
      </div>
      <div
        className="w-full md:w-1/3 px-3 mb-6 md:mb-0"
      >
        <label
          className="block uppercase tracking-wide text-transparent placeholder-[#21567E] text-xs font-bold mb-2"
          htmlFor="grid-country"
        >
          Country
        </label>
        <input
          className="appearance-none block w-full bg-fff text-[#21567E] placeholder-[#21567E] border border-[#21567E] rounded-md py-2 px-4 leading-tight focus:outline-none focus:bg-[#F1F6FA] focus:border-[#21567E] focus:border-2"
          name="country"
          onChange={[Function]}
          placeholder="Country"
          type="text"
          value=""
        />
      </div>
      <div
        className="w-full md:w-1/3 px-3 mb-6 md:mb-0"
      >
        <label
          className="block uppercase tracking-wide text-transparent placeholder-[#21567E] text-xs font-bold mb-2"
          htmlFor="grid-zip"
        >
          ZIP
        </label>
        <input
          className="appearance-none block w-full bg-fff text-[#21567E] placeholder-[#21567E] border border-[#21567E] rounded-md py-2 px-4 leading-tight focus:outline-none focus:bg-[#F1F6FA] focus:border-[#21567E] focus:border-2"
          name="zip"
          onChange={[Function]}
          placeholder="ZIP"
          type="text"
          value=""
        />
      </div>
    </div>
    <div
      className="flex justify-center items-center"
    >
      <button
        className="bg-[#FF8A57] hover:bg-transparent hover:text-[#FF8A57] hover:border-[#FF8A57] border hover:border-2 text-white font-bold py-2 px-7 rounded"
      >
        Save Changes
      </button>
    </div>
  </form>
</div>
`;
