// Jest Snapshot v1, https://goo.gl/fbAQLP

exports[`renders correctly 1`] = `
<div
  className="pt-[10vh]"
>
  <div
    className="swiper-container"
  >
    <div
      className="swiper-pagination"
    />
    <div
      className="swiper-wrapper"
    >
      <div
        className="swiper-slide swiper-slide-duplicate"
        data-swiper-slide-index={0}
      >
        <div
          className="h-[90vh] w-full"
        >
          <img
            alt="HeroSection image"
            data-nimg="fill"
            decoding="async"
            loading="lazy"
            onError={[Function]}
            onLoad={[Function]}
            src="/images/Hero1.svg"
            style={
              Object {
                "bottom": 0,
                "color": "transparent",
                "height": "100%",
                "left": 0,
                "objectFit": undefined,
                "objectPosition": undefined,
                "position": "absolute",
                "right": 0,
                "top": 0,
                "width": "100%",
              }
            }
          />
        </div>
      </div>
      <div
        className="swiper-slide swiper-slide-duplicate"
        data-swiper-slide-index={1}
      >
        <div
          className="w-full h-[90vh]  sm:block"
        >
          <img
            alt="HeroSection image"
            data-nimg="fill"
            decoding="async"
            loading="lazy"
            onError={[Function]}
            onLoad={[Function]}
            src="/images/globe-desktop.svg"
            style={
              Object {
                "bottom": 0,
                "color": "transparent",
                "height": "100%",
                "left": 0,
                "objectFit": undefined,
                "objectPosition": undefined,
                "position": "absolute",
                "right": 0,
                "top": 0,
                "width": "100%",
              }
            }
          />
        </div>
      </div>
      <div
        className="swiper-slide swiper-slide-duplicate"
        data-swiper-slide-index={2}
      >
        <div
          className="w-full h-[90vh]  sm:block"
        >
          <img
            alt="HeroSection image"
            data-nimg="fill"
            decoding="async"
            loading="lazy"
            onError={[Function]}
            onLoad={[Function]}
            src="/images/cart-desktop.svg"
            style={
              Object {
                "bottom": 0,
                "color": "transparent",
                "height": "100%",
                "left": 0,
                "objectFit": undefined,
                "objectPosition": undefined,
                "position": "absolute",
                "right": 0,
                "top": 0,
                "width": "100%",
              }
            }
          />
        </div>
      </div>
      <div
        className="swiper-slide swiper-slide-duplicate"
        data-swiper-slide-index={3}
      >
        <div
          className="w-full h-[90vh]  sm:block"
        >
          <img
            alt="HeroSection image"
            data-nimg="fill"
            decoding="async"
            loading="lazy"
            onError={[Function]}
            onLoad={[Function]}
            src="/images/checkout-desktop.svg"
            style={
              Object {
                "bottom": 0,
                "color": "transparent",
                "height": "100%",
                "left": 0,
                "objectFit": undefined,
                "objectPosition": undefined,
                "position": "absolute",
                "right": 0,
                "top": 0,
                "width": "100%",
              }
            }
          />
        </div>
      </div>
      <div
        className="swiper-slide"
        data-swiper-slide-index={0}
      >
        <div
          className="h-[90vh] w-full"
        >
          <img
            alt="HeroSection image"
            data-nimg="fill"
            decoding="async"
            loading="lazy"
            onError={[Function]}
            onLoad={[Function]}
            src="/images/Hero1.svg"
            style={
              Object {
                "bottom": 0,
                "color": "transparent",
                "height": "100%",
                "left": 0,
                "objectFit": undefined,
                "objectPosition": undefined,
                "position": "absolute",
                "right": 0,
                "top": 0,
                "width": "100%",
              }
            }
          />
        </div>
      </div>
      <div
        className="swiper-slide"
        data-swiper-slide-index={1}
      >
        <div
          className="w-full h-[90vh]  sm:block"
        >
          <img
            alt="HeroSection image"
            data-nimg="fill"
            decoding="async"
            loading="lazy"
            onError={[Function]}
            onLoad={[Function]}
            src="/images/globe-desktop.svg"
            style={
              Object {
                "bottom": 0,
                "color": "transparent",
                "height": "100%",
                "left": 0,
                "objectFit": undefined,
                "objectPosition": undefined,
                "position": "absolute",
                "right": 0,
                "top": 0,
                "width": "100%",
              }
            }
          />
        </div>
      </div>
      <div
        className="swiper-slide"
        data-swiper-slide-index={2}
      >
        <div
          className="w-full h-[90vh]  sm:block"
        >
          <img
            alt="HeroSection image"
            data-nimg="fill"
            decoding="async"
            loading="lazy"
            onError={[Function]}
            onLoad={[Function]}
            src="/images/cart-desktop.svg"
            style={
              Object {
                "bottom": 0,
                "color": "transparent",
                "height": "100%",
                "left": 0,
                "objectFit": undefined,
                "objectPosition": undefined,
                "position": "absolute",
                "right": 0,
                "top": 0,
                "width": "100%",
              }
            }
          />
        </div>
      </div>
      <div
        className="swiper-slide"
        data-swiper-slide-index={3}
      >
        <div
          className="w-full h-[90vh]  sm:block"
        >
          <img
            alt="HeroSection image"
            data-nimg="fill"
            decoding="async"
            loading="lazy"
            onError={[Function]}
            onLoad={[Function]}
            src="/images/checkout-desktop.svg"
            style={
              Object {
                "bottom": 0,
                "color": "transparent",
                "height": "100%",
                "left": 0,
                "objectFit": undefined,
                "objectPosition": undefined,
                "position": "absolute",
                "right": 0,
                "top": 0,
                "width": "100%",
              }
            }
          />
        </div>
      </div>
      <div
        className="swiper-slide swiper-slide-duplicate"
        data-swiper-slide-index={0}
      >
        <div
          className="h-[90vh] w-full"
        >
          <img
            alt="HeroSection image"
            data-nimg="fill"
            decoding="async"
            loading="lazy"
            onError={[Function]}
            onLoad={[Function]}
            src="/images/Hero1.svg"
            style={
              Object {
                "bottom": 0,
                "color": "transparent",
                "height": "100%",
                "left": 0,
                "objectFit": undefined,
                "objectPosition": undefined,
                "position": "absolute",
                "right": 0,
                "top": 0,
                "width": "100%",
              }
            }
          />
        </div>
      </div>
      <div
        className="swiper-slide swiper-slide-duplicate"
        data-swiper-slide-index={1}
      >
        <div
          className="w-full h-[90vh]  sm:block"
        >
          <img
            alt="HeroSection image"
            data-nimg="fill"
            decoding="async"
            loading="lazy"
            onError={[Function]}
            onLoad={[Function]}
            src="/images/globe-desktop.svg"
            style={
              Object {
                "bottom": 0,
                "color": "transparent",
                "height": "100%",
                "left": 0,
                "objectFit": undefined,
                "objectPosition": undefined,
                "position": "absolute",
                "right": 0,
                "top": 0,
                "width": "100%",
              }
            }
          />
        </div>
      </div>
      <div
        className="swiper-slide swiper-slide-duplicate"
        data-swiper-slide-index={2}
      >
        <div
          className="w-full h-[90vh]  sm:block"
        >
          <img
            alt="HeroSection image"
            data-nimg="fill"
            decoding="async"
            loading="lazy"
            onError={[Function]}
            onLoad={[Function]}
            src="/images/cart-desktop.svg"
            style={
              Object {
                "bottom": 0,
                "color": "transparent",
                "height": "100%",
                "left": 0,
                "objectFit": undefined,
                "objectPosition": undefined,
                "position": "absolute",
                "right": 0,
                "top": 0,
                "width": "100%",
              }
            }
          />
        </div>
      </div>
      <div
        className="swiper-slide swiper-slide-duplicate"
        data-swiper-slide-index={3}
      >
        <div
          className="w-full h-[90vh]  sm:block"
        >
          <img
            alt="HeroSection image"
            data-nimg="fill"
            decoding="async"
            loading="lazy"
            onError={[Function]}
            onLoad={[Function]}
            src="/images/checkout-desktop.svg"
            style={
              Object {
                "bottom": 0,
                "color": "transparent",
                "height": "100%",
                "left": 0,
                "objectFit": undefined,
                "objectPosition": undefined,
                "position": "absolute",
                "right": 0,
                "top": 0,
                "width": "100%",
              }
            }
          />
        </div>
      </div>
    </div>
  </div>
</div>
`;
