// Jest Snapshot v1, https://goo.gl/fbAQLP

exports[`renders correctly 1`] = `
<div
  className="relative mx-auto max-w-sm"
>
  <div
    className="input-wrapper"
  >
    <input
      className="w-full py-1 px-4 border-[#585785] border-2 dark:bg-white rounded-full italic  font-sm  focus:outline-none"
      onChange={[Function]}
      placeholder="Search here..."
      type="text"
      value=""
    />
    <div
      className="absolute right-3 top-1/2 transform -translate-y-1/2 text-gray-500"
    >
      <svg
        fill="currentColor"
        height="1em"
        stroke="currentColor"
        strokeWidth="0"
        style={
          Object {
            "color": undefined,
          }
        }
        version="1.1"
        viewBox="0 0 16 16"
        width="1em"
        xmlns="http://www.w3.org/2000/svg"
      >
        <path
          d="M15.504 13.616l-3.79-3.223c-0.392-0.353-0.811-0.514-1.149-0.499 0.895-1.048 1.435-2.407 1.435-3.893 0-3.314-2.686-6-6-6s-6 2.686-6 6 2.686 6 6 6c1.486 0 2.845-0.54 3.893-1.435-0.016 0.338 0.146 0.757 0.499 1.149l3.223 3.79c0.552 0.613 1.453 0.665 2.003 0.115s0.498-1.452-0.115-2.003zM6 10c-2.209 0-4-1.791-4-4s1.791-4 4-4 4 1.791 4 4-1.791 4-4 4z"
        />
      </svg>
    </div>
  </div>
</div>
`;
