// Jest Snapshot v1, https://goo.gl/fbAQLP

exports[`renders correctly 1`] = `
<div
  className="flex  items-center flex-col justify-center h-[448px] "
>
  <span
    className="loading loading-bars loading-lg text-orange-500"
  />
  <p
    className="font-bold text-gray-700"
  />
</div>
`;
