// Jest Snapshot v1, https://goo.gl/fbAQLP

exports[`renders correctly 1`] = `
<div>
  <button
    className="border-[#485DCF] text-[#485DCF] bg-white border p-1 flex gap-1 items-center rounded-[22px] hover:shadow-lg hover:shadow-[rgba(50,49,77,0.3)]"
    onClick={[Function]}
  >
    <svg
      className="text-2xl"
      fill="currentColor"
      height="1em"
      stroke="currentColor"
      strokeWidth="0"
      style={
        Object {
          "color": undefined,
        }
      }
      viewBox="0 0 16 16"
      width="1em"
      xmlns="http://www.w3.org/2000/svg"
    >
      <path
        d="M16 8.049c0-4.446-3.582-8.05-8-8.05C3.58 0-.002 3.603-.002 8.05c0 4.017 2.926 7.347 6.75 7.951v-5.625h-2.03V8.05H6.75V6.275c0-2.017 1.195-3.131 3.022-3.131.876 0 1.791.157 1.791.157v1.98h-1.009c-.993 0-1.303.621-1.303 1.258v1.51h2.218l-.354 2.326H9.25V16c3.824-.604 6.75-3.934 6.75-7.951z"
      />
    </svg>
    <p
      className="text-md mx-1 font-semibold lg:mx-2 lg:mr-4"
    />
  </button>
  <div
    className="Toastify"
  />
</div>
`;
