// Jest Snapshot v1, https://goo.gl/fbAQLP

exports[`renders correctly 1`] = `
<div
  className="min-h-[80vh] flex items-center justify-center"
>
  <div
    className="mocked-grid-loader"
  />
</div>
`;
