// Jest Snapshot v1, https://goo.gl/fbAQLP

exports[`renders correctly 1`] = `
<section
  className="p-2"
>
  <div
    className="text-center  text-black"
  >
     
    <h1
      className="text-4xl font-bold text-[#585785]  "
    >
       
      MEET OUR TEAM
    </h1>
    <p
      className="text-xl leading-relaxed  "
    >
       
      Were a dynamic group of individuals who are passionate about what we do and dedicated to delivering the best results for our clients.
    </p>
     
  </div>
  <div
    className="mx-auto lg:flex-row flex-wrap lg:justify-center flex-col flex  lg:space-y-0 space-y-12 items-center p-12 "
  />
</section>
`;
