// Jest Snapshot v1, https://goo.gl/fbAQLP

exports[`renders correctly 1`] = `
<div>
  <button
    className="border-[#28C7FA] text-[#28C7FA] bg-white border p-1 flex gap-1 items-center rounded-[22px] hover:shadow-lg hover:shadow-[rgba(50,49,77,0.3)]"
    onClick={[Function]}
  >
    <svg
      className="text-2xl ml-1"
      fill="currentColor"
      height="1em"
      stroke="currentColor"
      strokeWidth="0"
      style={
        Object {
          "color": undefined,
        }
      }
      viewBox="0 0 512 512"
      width="1em"
      xmlns="http://www.w3.org/2000/svg"
    >
      <path
        d="M389.2 48h70.6L305.6 224.2 487 464H345L233.7 318.6 106.5 464H35.8L200.7 275.5 26.8 48H172.4L272.9 180.9 389.2 48zM364.4 421.8h39.1L151.1 88h-42L364.4 421.8z"
      />
    </svg>
    <p
      className="text-md mx-1 font-semibold lg:mx-2 lg:mr-4"
    />
  </button>
  <div
    className="Toastify"
  />
</div>
`;
